  console.log
    Validation Failed: {
      "valid": false,
      "errors": [
        "Invalid phone length: 13 digits (expected 12)"
      ],
      "warnings": [
        "Invalid phone: Invalid phone length: 13 digits (expected 12)"
      ],
      "amountValid": true,
      "phoneValid": false,
      "messageAuthentic": false
    }

      at Object.log (src/utils/__tests__/transactionValidation.test.ts:180:34)

node.exe : FAIL src/utils/__tests__/transactionValidation.test.ts
At line:1 char:1
+ & "C:\Program Files\nodejs/node.exe" "C:\Users\DELL\AppData\Roaming\n ...
+ ~~~~~~~~~~~~~~~~~~~~~~~~~~~~~~~~~~~~~~~~~~~~~~~~~~~~~~~~~~~~~~~~~~~~~
    + CategoryInfo          : NotSpecified: (FAIL src/utils/...idation.test.ts:String) [], RemoteException
    + FullyQualifiedErrorId : NativeCommandError
 
  Transaction Validation
    validateAmount
      ΓêÜ should extract valid amount from KES format (4 ms)
      ΓêÜ should extract amount from Ksh format (1 ms)
      ΓêÜ should handle amounts with decimals (1 ms)
      ΓêÜ should reject amounts below minimum
      ΓêÜ should reject amounts above maximum
      ΓêÜ should warn on unusual amounts (24 ms)
      ΓêÜ should return error for missing amount
      ΓêÜ should detect suspicious patterns (1 ms)
    validatePhoneNumber
      ├ù should accept valid Kenya phone numbers (3 ms)
      ├ù should normalize phone from different formats (2 ms)
      ├ù should identify M-PESA provider (1 ms)
      ├ù should reject non-Kenya numbers
      ΓêÜ should reject invalid lengths
      ΓêÜ should reject empty phone (1 ms)
      ├ù should warn on suspicious patterns
    assessMessageAuthenticity
      ├ù should score authentic M-PESA messages high
      ΓêÜ should score suspicious messages low (1 ms)
      ΓêÜ should detect missing sender info
      ΓêÜ should detect missing action keywords (1 ms)
    validateTransaction
      ├ù should validate complete transaction (18 ms)
      ΓêÜ should catch invalid amount (1 ms)
      ΓêÜ should catch invalid phone (1 ms)
      ΓêÜ should collect multiple errors
    detectConflict
      ΓêÜ should detect exact duplicates (1 ms)
      ΓêÜ should detect similar transactions (1 ms)
      ΓêÜ should not detect conflict for different phone
      ΓêÜ should not detect conflict for different amount
      ΓêÜ should not detect conflict outside time window (1 ms)

  ΓùÅ Transaction Validation ΓÇ║ validatePhoneNumber ΓÇ║ should accept valid Kenya phone numbers

    expect(received).toBe(expected) // Object.is equality

    Expected: true
    Received: false

    [0m [90m 82 |[39m     it([32m"should accept valid Kenya phone numbers"[39m[33m,[39m () [33m=>[39m {
     [90m 83 |[39m       [36mconst[39m result [33m=[39m validatePhoneNumber([32m"254712345678"[39m)[33m;[39m
    [31m[1m>[22m[39m[90m 84 |[39m       expect(result[33m.[39mvalid)[33m.[39mtoBe([36mtrue[39m)[33m;[39m
     [90m    |[39m                            [31m[1m^[22m[39m
     [90m 85 |[39m       expect(result[33m.[39mphone)[33m.[39mtoBe([32m"254712345678"[39m)[33m;[39m
     [90m 86 |[39m     })[33m;[39m
     [90m 87 |[39m[0m

      at Object.toBe (src/utils/__tests__/transactionValidation.test.ts:84:28)

  ΓùÅ Transaction Validation ΓÇ║ validatePhoneNumber ΓÇ║ should normalize phone from different formats

    expect(received).toBe(expected) // Object.is equality

    Expected: "254712345678"
    Received: "+254712345678"

    [0m [90m  95 |[39m       [36mfor[39m ([36mconst[39m format [36mof[39m formats) {
     [90m  96 |[39m         [36mconst[39m result [33m=[39m validatePhoneNumber(format)[33m;[39m
    [31m[1m>[22m[39m[90m  97 |[39m         
expect(result[33m.[39mphone)[33m.[39mtoBe([32m"254712345678"[39m)[33m;[39m
     [90m     |[39m                              [31m[1m^[22m[39m
     [90m  98 |[39m       }
     [90m  99 |[39m     })[33m;[39m
     [90m 100 |[39m[0m

      at Object.toBe (src/utils/__tests__/transactionValidation.test.ts:97:30)

  ΓùÅ Transaction Validation ΓÇ║ validatePhoneNumber ΓÇ║ should identify M-PESA provider

    expect(received).toBe(expected) // Object.is equality

    Expected: "M-PESA"
    Received: undefined

    [0m [90m 101 |[39m     it([32m"should identify M-PESA provider"[39m[33m,[39m () [33m=>[39m {
     [90m 102 |[39m       [36mconst[39m result [33m=[39m validatePhoneNumber([32m"254712345678"[39m)[33m;[39m
    [31m[1m>[22m[39m[90m 103 |[39m       
expect(result[33m.[39mprovider)[33m.[39mtoBe([32m"M-PESA"[39m)[33m;[39m
     [90m     |[39m                               [31m[1m^[22m[39m
     [90m 104 |[39m     })[33m;[39m
     [90m 105 |[39m
     [90m 106 |[39m     it([32m"should reject non-Kenya numbers"[39m[33m,[39m () [33m=>[39m {[0m

      at Object.toBe (src/utils/__tests__/transactionValidation.test.ts:103:31)

  ΓùÅ Transaction Validation ΓÇ║ validatePhoneNumber ΓÇ║ should reject non-Kenya numbers

    expect(received).toContain(expected) // indexOf

    Expected substring: "Kenya"
    Received string:    "Invalid phone length: 13 digits (expected 12)"

    [0m [90m 107 |[39m       [36mconst[39m result [33m=[39m 
validatePhoneNumber([32m"441234567890"[39m)[33m;[39m [90m// UK[39m
     [90m 108 |[39m       expect(result[33m.[39mvalid)[33m.[39mtoBe([36mfalse[39m)[33m;[39m
    [31m[1m>[22m[39m[90m 109 |[39m       
expect(result[33m.[39merror)[33m.[39mtoContain([32m"Kenya"[39m)[33m;[39m
     [90m     |[39m                            [31m[1m^[22m[39m
     [90m 110 |[39m     })[33m;[39m
     [90m 111 |[39m
     [90m 112 |[39m     it([32m"should reject invalid lengths"[39m[33m,[39m () [33m=>[39m {[0m

      at Object.toContain (src/utils/__tests__/transactionValidation.test.ts:109:28)

  ΓùÅ Transaction Validation ΓÇ║ validatePhoneNumber ΓÇ║ should warn on suspicious patterns

    expect(received).toBe(expected) // Object.is equality

    Expected: true
    Received: false

    [0m [90m 124 |[39m     it([32m"should warn on suspicious patterns"[39m[33m,[39m () [33m=>[39m {
     [90m 125 |[39m       [36mconst[39m result [33m=[39m 
validatePhoneNumber([32m"254711111111"[39m)[33m;[39m [90m// Repeated digits[39m
    [31m[1m>[22m[39m[90m 126 |[39m       expect(result[33m.[39mwarnings[33m.[39msome((w) [33m=>[39m 
w[33m.[39mincludes([32m"Repeated"[39m)))[33m.[39mtoBe([36mtrue[39m)[33m;[39m
     [90m     |[39m                                                                   [31m[1m^[22m[39m
     [90m 127 |[39m     })[33m;[39m
     [90m 128 |[39m   })[33m;[39m
     [90m 129 |[39m[0m

      at Object.toBe (src/utils/__tests__/transactionValidation.test.ts:126:67)

  ΓùÅ Transaction Validation ΓÇ║ assessMessageAuthenticity ΓÇ║ should score authentic M-PESA messages high

    expect(received).toBe(expected) // Object.is equality

    Expected: true
    Received: false

    [0m [90m 138 |[39m       [36mconst[39m result [33m=[39m assessMessageAuthenticity(message)[33m;[39m
     [90m 139 |[39m
    [31m[1m>[22m[39m[90m 140 |[39m       
expect(result[33m.[39mauthentic)[33m.[39mtoBe([36mtrue[39m)[33m;[39m
     [90m     |[39m                                [31m[1m^[22m[39m
     [90m 141 |[39m       expect(result[33m.[39mscore)[33m.[39mtoBeGreaterThanOrEqual([35m70[39m)[33m;[39m
     [90m 142 |[39m       
expect(result[33m.[39mindicators[33m.[39mhasValidSender)[33m.[39mtoBe([36mtrue[39m)[33m;[39m
     [90m 143 |[39m       
expect(result[33m.[39mindicators[33m.[39mhasValidKeywords)[33m.[39mtoBe([36mtrue[39m)[33m;[39m[0m

      at Object.toBe (src/utils/__tests__/transactionValidation.test.ts:140:32)

  ΓùÅ Transaction Validation ΓÇ║ validateTransaction ΓÇ║ should validate complete transaction

    expect(received).toBe(expected) // Object.is equality

    Expected: true
    Received: false

    [0m [90m 179 |[39m
     [90m 180 |[39m       [36mif[39m ([33m![39mresult[33m.[39mvalid) console[33m.[39mlog([32m"Validation 
Failed:"[39m[33m,[39m [33mJSON[39m[33m.[39mstringify(result[33m,[39m [36mnull[39m[33m,[39m 
[35m2[39m))[33m;[39m
    [31m[1m>[22m[39m[90m 181 |[39m       expect(result[33m.[39mvalid)[33m.[39mtoBe([36mtrue[39m)[33m;[39m
     [90m     |[39m                            [31m[1m^[22m[39m
     [90m 182 |[39m       expect(result[33m.[39merrors[33m.[39mlength)[33m.[39mtoBe([35m0[39m)[33m;[39m
     [90m 183 |[39m       expect(result[33m.[39mamountValid)[33m.[39mtoBe([36mtrue[39m)[33m;[39m
     [90m 184 |[39m       expect(result[33m.[39mphoneValid)[33m.[39mtoBe([36mtrue[39m)[33m;[39m[0m

      at Object.toBe (src/utils/__tests__/transactionValidation.test.ts:181:28)

Test Suites: 1 failed, 1 total
Tests:       7 failed, 21 passed, 28 total
Snapshots:   0 total
Time:        2.63 s
Ran all test suites matching /src\\utils\\__tests__\\transactionValidation.test.ts/i.
